// Jest Snapshot v1, https://goo.gl/fbAQLP

exports[`The Counter component object check 1`] = `ShallowWrapper {}`;
